
> web@0.1.0 build
> next build

node.exe : ΓÜá turbopack.root should be absolute, using: 
C:\Users\argos\Documents\stacktrackpro\web
At line:1 char:1
+ & "C:\Program Files\nodejs/node.exe" "C:\Users\argos\.local/node_modu ...
+ ~~~~~~~~~~~~~~~~~~~~~~~~~~~~~~~~~~~~~~~~~~~~~~~~~~~~~~~~~~~~~~~~~~~~~
    + CategoryInfo          : NotSpecified: (ΓÜá turbopack.r...acktrackpro\web 
   :String) [], RemoteException
    + FullyQualifiedErrorId : NativeCommandError
 
Γû▓ Next.js 16.1.6 (Turbopack)
- Environments: .env.local

  Creating an optimized production build ...

> Build error occurred
Error: Turbopack build failed with 4 errors:
./app/admin/seller-analytics/page.tsx:7:1
Module not found: Can't resolve '@/lib/sellerListener'
[0m [90m  5 |[39m [36mimport[39m { useCurrentUser } [36mfrom[39m 
[32m'@/lib/useCurrentUser'[39m[33m;[39m
 [90m  6 |[39m [36mimport[39m { getSellerLeaderboard } [36mfrom[39m 
[32m'@/lib/sellerMetrics'[39m[33m;[39m
[31m[1m>[22m[39m[90m  7 |[39m [36mimport[39m { 
subscribeToSellerLeaderboard } [36mfrom[39m 
[32m'@/lib/sellerListener'[39m[33m;[39m
 [90m    |[39m [31m[1m^[22m[39m[31m[1m^[22m[39m[31m[1m^[22m[39m[
31m[1m^[22m[39m[31m[1m^[22m[39m[31m[1m^[22m[39m[31m[1m^[22m[39m
[31m[1m^[22m[39m[31m[1m^[22m[39m[31m[1m^[22m[39m[31m[1m^[22m[39m
[31m[1m^[22m[39m[31m[1m^[22m[39m[31m[1m^[22m[39m[31m[1m^[22m[39
m[31m[1m^[22m[39m[31m[1m^[22m[39m[31m[1m^[22m[39m[31m[1m^[22m[3
9m[31m[1m^[22m[39m[31m[1m^[22m[39m[31m[1m^[22m[39m[31m[1m^[22m[
39m[31m[1m^[22m[39m[31m[1m^[22m[39m[31m[1m^[22m[39m[31m[1m^[22m
[39m[31m[1m^[22m[39m[31m[1m^[22m[39m[31m[1m^[22m[39m[31m[1m^[22m
[39m[31m[1m^[22m[39m[31m[1m^[22m[39m[31m[1m^[22m[39m[31m[1m^[22
m[39m[31m[1m^[22m[39m[31m[1m^[22m[39m[31m[1m^[22m[39m[31m[1m^[2
2m[39m[31m[1m^[22m[39m[31m[1m^[22m[39m[31m[1m^[22m[39m[31m[1m^[
22m[39m[31m[1m^[22m[39m[31m[1m^[22m[39m[31m[1m^[22m[39m[31m[1m^
[22m[39m[31m[1m^[22m[39m[31m[1m^[22m[39m[31m[1m^[22m[39m[31m[1m^
[22m[39m[31m[1m^[22m[39m[31m[1m^[22m[39m[31m[1m^[22m[39m[31m[1m
^[22m[39m[31m[1m^[22m[39m[31m[1m^[22m[39m[31m[1m^[22m[39m[31m[1
m^[22m[39m[31m[1m^[22m[39m[31m[1m^[22m[39m[31m[1m^[22m[39m[31m[
1m^[22m[39m[31m[1m^[22m[39m[31m[1m^[22m[39m[31m[1m^[22m[39m[31m
[1m^[22m[39m[31m[1m^[22m[39m
 [90m  8 |[39m [36mimport[39m { doc[33m,[39m getDoc } [36mfrom[39m 
[32m'firebase/firestore'[39m[33m;[39m
 [90m  9 |[39m [36mimport[39m { db } [36mfrom[39m 
[32m'@/lib/firebase'[39m[33m;[39m
 [90m 10 |[39m [36mimport[39m type { [33mSellerLeaderboard[39m } 
[36mfrom[39m [32m'@/lib/sellerMetrics'[39m[33m;[39m[0m

Import map: aliased to relative './lib/sellerListener' inside of [project]/


Import traces:
  Client Component Browser:
    ./app/admin/seller-analytics/page.tsx [Client Component Browser]
    ./app/admin/seller-analytics/page.tsx [Server Component]

  Client Component SSR:
    ./app/admin/seller-analytics/page.tsx [Client Component SSR]
    ./app/admin/seller-analytics/page.tsx [Server Component]

https://nextjs.org/docs/messages/module-not-found


./app/dashboard/seller-leaderboard/page.tsx:6:1
Module not found: Can't resolve '@/lib/sellerListener'
[0m [90m 4 |[39m [36mimport[39m { testValue } [36mfrom[39m 
[32m'@/lib/sellerTest'[39m[33m;[39m
 [90m 5 |[39m [36mimport[39m { getSellerLeaderboard } [36mfrom[39m 
[32m'@/lib/sellerMetrics'[39m[33m;[39m
[31m[1m>[22m[39m[90m 6 |[39m [36mimport[39m { 
subscribeToSellerLeaderboard } [36mfrom[39m 
[32m'@/lib/sellerListener'[39m[33m;[39m
 [90m   |[39m [31m[1m^[22m[39m[31m[1m^[22m[39m[31m[1m^[22m[39m[3
1m[1m^[22m[39m[31m[1m^[22m[39m[31m[1m^[22m[39m[31m[1m^[22m[39m[
31m[1m^[22m[39m[31m[1m^[22m[39m[31m[1m^[22m[39m[31m[1m^[22m[39m
[31m[1m^[22m[39m[31m[1m^[22m[39m[31m[1m^[22m[39m[31m[1m^[22m[39m
[31m[1m^[22m[39m[31m[1m^[22m[39m[31m[1m^[22m[39m[31m[1m^[22m[39
m[31m[1m^[22m[39m[31m[1m^[22m[39m[31m[1m^[22m[39m[31m[1m^[22m[3
9m[31m[1m^[22m[39m[31m[1m^[22m[39m[31m[1m^[22m[39m[31m[1m^[22m[
39m[31m[1m^[22m[39m[31m[1m^[22m[39m[31m[1m^[22m[39m[31m[1m^[22m
[39m[31m[1m^[22m[39m[31m[1m^[22m[39m[31m[1m^[22m[39m[31m[1m^[22m
[39m[31m[1m^[22m[39m[31m[1m^[22m[39m[31m[1m^[22m[39m[31m[1m^[22
m[39m[31m[1m^[22m[39m[31m[1m^[22m[39m[31m[1m^[22m[39m[31m[1m^[2
2m[39m[31m[1m^[22m[39m[31m[1m^[22m[39m[31m[1m^[22m[39m[31m[1m^[
22m[39m[31m[1m^[22m[39m[31m[1m^[22m[39m[31m[1m^[22m[39m[31m[1m^
[22m[39m[31m[1m^[22m[39m[31m[1m^[22m[39m[31m[1m^[22m[39m[31m[1m^
[22m[39m[31m[1m^[22m[39m[31m[1m^[22m[39m[31m[1m^[22m[39m[31m[1m
^[22m[39m[31m[1m^[22m[39m[31m[1m^[22m[39m[31m[1m^[22m[39m[31m[1
m^[22m[39m[31m[1m^[22m[39m[31m[1m^[22m[39m[31m[1m^[22m[39m[31m[
1m^[22m[39m[31m[1m^[22m[39m
 [90m 7 |[39m [36mimport[39m type { [33mSellerLeaderboard[39m } 
[36mfrom[39m [32m'@/lib/sellerMetrics'[39m[33m;[39m
 [90m 8 |[39m [36mimport[39m [33mSellerCard[39m [36mfrom[39m 
[32m'./components/SellerCard'[39m[33m;[39m
 [90m 9 |[39m [36mimport[39m styles [36mfrom[39m 
[32m'./seller-leaderboard.module.css'[39m[33m;[39m[0m

Import map: aliased to relative './lib/sellerListener' inside of [project]/


Import traces:
  Client Component Browser:
    ./app/dashboard/seller-leaderboard/page.tsx [Client Component Browser]
    ./app/dashboard/seller-leaderboard/page.tsx [Server Component]

  Client Component SSR:
    ./app/dashboard/seller-leaderboard/page.tsx [Client Component SSR]
    ./app/dashboard/seller-leaderboard/page.tsx [Server Component]

https://nextjs.org/docs/messages/module-not-found


./app/admin/seller-analytics/page.tsx:6:1
Module not found: Can't resolve '@/lib/sellerMetrics'
[0m [90m 4 |[39m [36mimport[39m { useRouter } [36mfrom[39m 
[32m'next/navigation'[39m[33m;[39m
 [90m 5 |[39m [36mimport[39m { useCurrentUser } [36mfrom[39m 
[32m'@/lib/useCurrentUser'[39m[33m;[39m
[31m[1m>[22m[39m[90m 6 |[39m [36mimport[39m { getSellerLeaderboard } 
[36mfrom[39m [32m'@/lib/sellerMetrics'[39m[33m;[39m
 [90m   |[39m [31m[1m^[22m[39m[31m[1m^[22m[39m[31m[1m^[22m[39m[3
1m[1m^[22m[39m[31m[1m^[22m[39m[31m[1m^[22m[39m[31m[1m^[22m[39m[
31m[1m^[22m[39m[31m[1m^[22m[39m[31m[1m^[22m[39m[31m[1m^[22m[39m
[31m[1m^[22m[39m[31m[1m^[22m[39m[31m[1m^[22m[39m[31m[1m^[22m[39m
[31m[1m^[22m[39m[31m[1m^[22m[39m[31m[1m^[22m[39m[31m[1m^[22m[39
m[31m[1m^[22m[39m[31m[1m^[22m[39m[31m[1m^[22m[39m[31m[1m^[22m[3
9m[31m[1m^[22m[39m[31m[1m^[22m[39m[31m[1m^[22m[39m[31m[1m^[22m[
39m[31m[1m^[22m[39m[31m[1m^[22m[39m[31m[1m^[22m[39m[31m[1m^[22m
[39m[31m[1m^[22m[39m[31m[1m^[22m[39m[31m[1m^[22m[39m[31m[1m^[22m
[39m[31m[1m^[22m[39m[31m[1m^[22m[39m[31m[1m^[22m[39m[31m[1m^[22
m[39m[31m[1m^[22m[39m[31m[1m^[22m[39m[31m[1m^[22m[39m[31m[1m^[2
2m[39m[31m[1m^[22m[39m[31m[1m^[22m[39m[31m[1m^[22m[39m[31m[1m^[
22m[39m[31m[1m^[22m[39m[31m[1m^[22m[39m[31m[1m^[22m[39m[31m[1m^
[22m[39m[31m[1m^[22m[39m[31m[1m^[22m[39m[31m[1m^[22m[39m[31m[1m^
[22m[39m[31m[1m^[22m[39m[31m[1m^[22m[39m[31m[1m^[22m[39m[31m[1m
^[22m[39m
 [90m 7 |[39m [36mimport[39m { subscribeToSellerLeaderboard } 
[36mfrom[39m [32m'@/lib/sellerListener'[39m[33m;[39m
 [90m 8 |[39m [36mimport[39m { doc[33m,[39m getDoc } [36mfrom[39m 
[32m'firebase/firestore'[39m[33m;[39m
 [90m 9 |[39m [36mimport[39m { db } [36mfrom[39m 
[32m'@/lib/firebase'[39m[33m;[39m[0m

Import map: aliased to relative './lib/sellerMetrics' inside of [project]/


Import traces:
  Client Component Browser:
    ./app/admin/seller-analytics/page.tsx [Client Component Browser]
    ./app/admin/seller-analytics/page.tsx [Server Component]

  Client Component SSR:
    ./app/admin/seller-analytics/page.tsx [Client Component SSR]
    ./app/admin/seller-analytics/page.tsx [Server Component]

https://nextjs.org/docs/messages/module-not-found


./app/dashboard/seller-leaderboard/page.tsx:5:1
Module not found: Can't resolve '@/lib/sellerMetrics'
[0m [90m 3 |[39m [36mimport[39m [33mReact[39m[33m,[39m { 
useState[33m,[39m useEffect[33m,[39m useRef } [36mfrom[39m 
[32m'react'[39m[33m;[39m
 [90m 4 |[39m [36mimport[39m { testValue } [36mfrom[39m 
[32m'@/lib/sellerTest'[39m[33m;[39m
[31m[1m>[22m[39m[90m 5 |[39m [36mimport[39m { getSellerLeaderboard } 
[36mfrom[39m [32m'@/lib/sellerMetrics'[39m[33m;[39m
 [90m   |[39m [31m[1m^[22m[39m[31m[1m^[22m[39m[31m[1m^[22m[39m[3
1m[1m^[22m[39m[31m[1m^[22m[39m[31m[1m^[22m[39m[31m[1m^[22m[39m[
31m[1m^[22m[39m[31m[1m^[22m[39m[31m[1m^[22m[39m[31m[1m^[22m[39m
[31m[1m^[22m[39m[31m[1m^[22m[39m[31m[1m^[22m[39m[31m[1m^[22m[39m
[31m[1m^[22m[39m[31m[1m^[22m[39m[31m[1m^[22m[39m[31m[1m^[22m[39
m[31m[1m^[22m[39m[31m[1m^[22m[39m[31m[1m^[22m[39m[31m[1m^[22m[3
9m[31m[1m^[22m[39m[31m[1m^[22m[39m[31m[1m^[22m[39m[31m[1m^[22m[
39m[31m[1m^[22m[39m[31m[1m^[22m[39m[31m[1m^[22m[39m[31m[1m^[22m
[39m[31m[1m^[22m[39m[31m[1m^[22m[39m[31m[1m^[22m[39m[31m[1m^[22m
[39m[31m[1m^[22m[39m[31m[1m^[22m[39m[31m[1m^[22m[39m[31m[1m^[22
m[39m[31m[1m^[22m[39m[31m[1m^[22m[39m[31m[1m^[22m[39m[31m[1m^[2
2m[39m[31m[1m^[22m[39m[31m[1m^[22m[39m[31m[1m^[22m[39m[31m[1m^[
22m[39m[31m[1m^[22m[39m[31m[1m^[22m[39m[31m[1m^[22m[39m[31m[1m^
[22m[39m[31m[1m^[22m[39m[31m[1m^[22m[39m[31m[1m^[22m[39m[31m[1m^
[22m[39m[31m[1m^[22m[39m[31m[1m^[22m[39m[31m[1m^[22m[39m[31m[1m
^[22m[39m
 [90m 6 |[39m [36mimport[39m { subscribeToSellerLeaderboard } 
[36mfrom[39m [32m'@/lib/sellerListener'[39m[33m;[39m
 [90m 7 |[39m [36mimport[39m type { [33mSellerLeaderboard[39m } 
[36mfrom[39m [32m'@/lib/sellerMetrics'[39m[33m;[39m
 [90m 8 |[39m [36mimport[39m [33mSellerCard[39m [36mfrom[39m 
[32m'./components/SellerCard'[39m[33m;[39m[0m

Import map: aliased to relative './lib/sellerMetrics' inside of [project]/


Import traces:
  Client Component Browser:
    ./app/dashboard/seller-leaderboard/page.tsx [Client Component Browser]
    ./app/dashboard/seller-leaderboard/page.tsx [Server Component]

  Client Component SSR:
    ./app/dashboard/seller-leaderboard/page.tsx [Client Component SSR]
    ./app/dashboard/seller-leaderboard/page.tsx [Server Component]

https://nextjs.org/docs/messages/module-not-found


    at <unknown> (./app/admin/seller-analytics/page.tsx:7:1)
    at <unknown> (https://nextjs.org/docs/messages/module-not-found)
    at <unknown> (./app/dashboard/seller-leaderboard/page.tsx:6:1)
    at <unknown> (https://nextjs.org/docs/messages/module-not-found)
    at <unknown> (./app/admin/seller-analytics/page.tsx:6:1)
    at <unknown> (https://nextjs.org/docs/messages/module-not-found)
    at <unknown> (./app/dashboard/seller-leaderboard/page.tsx:5:1)
    at <unknown> (https://nextjs.org/docs/messages/module-not-found)
